./myscript timed out after 30 minutes
